// Jest Snapshot v1, https://goo.gl/fbAQLP

exports[`Bar should match the snapshot 1`] = `ShallowWrapper {}`;
