// Jest Snapshot v1, https://goo.gl/fbAQLP

exports[`HelpPage should match the snapshot 1`] = `ShallowWrapper {}`;
